
> myou-store@0.1.0 build
> next build

   Γû▓ Next.js 15.3.1

   Creating an optimized production build ...
 Γ£ô Compiled successfully in 4.0s
   Skipping validation of types
   Skipping linting
   Collecting page data ...
node.exe : Error: 
Please define the 
MONGODB_URI 
environment 
variable inside 
.env.local
At line:1 char:1
+ & "C:\Program File
s\nodejs/node.exe" 
"C:\Program Files\no
dejs/node_mo ...
+ ~~~~~~~~~~~~~~~~~~
~~~~~~~~~~~~~~~~~~~~
~~~~~~~~~~~~~~~~~~~~
~~~~~~~~~~~
    + CategoryInfo  
            : NotS  
  pecified: (Erro   
 r: Please d...s    
ide .env.local:    
String) [], Rem    
oteException
    + FullyQualifie 
   dErrorId : Nati  
  veCommandError
 
    at 35198 (C:\Use
rs\Domain\Desktop\MY
OU-Brand-main\.next\
server\app\api\hero-
slider\admin\route.j
s:1:2106)
    at t (C:\Users\D
omain\Desktop\MYOU-B
rand-main\.next\serv
er\webpack-runtime.j
s:1:127)
    at 24805 (C:\Use
rs\Domain\Desktop\MY
OU-Brand-main\.next\
server\app\api\hero-
slider\admin\route.j
s:1:1032)
    at t (C:\Users\D
omain\Desktop\MYOU-B
rand-main\.next\serv
er\webpack-runtime.j
s:1:127)
    at t (C:\Users\D
omain\Desktop\MYOU-B
rand-main\.next\serv
er\app\api\hero-slid
er\admin\route.js:1:
3182)
    at <unknown> (C:
\Users\Domain\Deskto
p\MYOU-Brand-main\.n
ext\server\app\api\h
ero-slider\admin\rou
te.js:1:3221)
    at t.X (C:\Users
\Domain\Desktop\MYOU
-Brand-main\.next\se
rver\webpack-runtime
.js:1:1191)
    at <unknown> (C:
\Users\Domain\Deskto
p\MYOU-Brand-main\.n
ext\server\app\api\h
ero-slider\admin\rou
te.js:1:3195)
    at 
Object.<anonymous> (
C:\Users\Domain\Desk
top\MYOU-Brand-main\
.next\server\app\api
\hero-slider\admin\r
oute.js:1:3249)
Error: Please 
define the 
MONGODB_URI 
environment 
variable inside 
.env.local
    at 35198 (C:\Use
rs\Domain\Desktop\MY
OU-Brand-main\.next\
server\app\api\hero-
slider\route.js:1:11
17)
    at t (C:\Users\D
omain\Desktop\MYOU-B
rand-main\.next\serv
er\webpack-runtime.j
s:1:127)
    at 66317 (C:\Use
rs\Domain\Desktop\MY
OU-Brand-main\.next\
server\app\api\hero-
slider\route.js:1:22
94)
    at t (C:\Users\D
omain\Desktop\MYOU-B
rand-main\.next\serv
er\webpack-runtime.j
s:1:127)
    at t (C:\Users\D
omain\Desktop\MYOU-B
rand-main\.next\serv
er\app\api\hero-slid
er\route.js:1:3596)
    at <unknown> (C:
\Users\Domain\Deskto
p\MYOU-Brand-main\.n
ext\server\app\api\h
ero-slider\route.js:
1:3635)
    at t.X (C:\Users
\Domain\Desktop\MYOU
-Brand-main\.next\se
rver\webpack-runtime
.js:1:1191)
    at <unknown> (C:
\Users\Domain\Deskto
p\MYOU-Brand-main\.n
ext\server\app\api\h
ero-slider\route.js:
1:3609)
    at 
Object.<anonymous> (
C:\Users\Domain\Desk
top\MYOU-Brand-main\
.next\server\app\api
\hero-slider\route.j
s:1:3663)

> Build error 
occurred
[Error: Failed to 
collect page data 
for /api/hero-slider
/admin] {
  type: 'Error'
}
